Resolving dependencies...
Downloading packages...
  _fe_analyzer_shared 85.0.0 (97.0.0 available)
  analyzer 7.7.1 (11.0.0 available)
  analyzer_plugin 0.13.4 (0.14.5 available)
  archive 4.0.7 (4.0.9 available)
  build 3.1.0 (4.0.4 available)
  build_config 1.2.0 (1.3.0 available)
  build_resolvers 3.0.3 (3.0.4 available)
  build_runner 2.7.1 (2.11.1 available)
  build_runner_core 9.3.1 (9.3.2 available)
  built_value 8.12.0 (8.12.4 available)
  code_builder 4.11.0 (4.11.1 available)
  cross_file 0.3.5+1 (0.3.5+2 available)
  csv 6.0.0 (7.1.0 available)
  dart_code_linter 3.1.1 (3.2.1 available)
  dart_style 3.1.1 (3.1.6 available)
  drift 2.29.0 (2.31.0 available)
  drift_dev 2.29.0 (2.31.0 available)
  ffi 2.1.4 (2.2.0 available)
  file_picker 8.3.7 (10.3.10 available)
  flutter_inappwebview_internal_annotations 1.2.0 (1.3.0 available)
  flutter_lints 5.0.0 (6.0.0 available)
  get_it 8.3.0 (9.2.1 available)
  golden_toolkit 0.15.0 (discontinued)
  google_mobile_ads 5.3.1 (7.0.0 available)
  image 4.5.4 (4.8.0 available)
  json_annotation 4.9.0 (4.11.0 available)
  lints 5.1.1 (6.1.0 available)
  matcher 0.12.18 (0.12.19 available)
  meta 1.17.0 (1.18.1 available)
  mime 1.0.6 (2.0.0 available)
  mockito 5.5.0 (5.6.3 available)
  msix 3.16.12 (3.16.13 available)
  path_provider_android 2.2.20 (2.2.22 available)
  path_provider_foundation 2.4.3 (2.6.0 available)
  petitparser 7.0.1 (7.0.2 available)
  posix 6.0.3 (6.5.0 available)
  share_plus 7.2.2 (12.0.1 available)
  share_plus_platform_interface 3.4.0 (6.1.0 available)
  shared_preferences 2.5.3 (2.5.4 available)
  shared_preferences_android 2.4.15 (2.4.21 available)
  shared_preferences_foundation 2.5.5 (2.5.6 available)
  source_gen 3.1.0 (4.2.0 available)
  source_span 1.10.1 (1.10.2 available)
  sqlite3 2.9.4 (3.1.6 available)
  sqlite3_flutter_libs 0.5.41 (0.6.0+eol available)
  sqlparser 0.42.0 (0.43.1 available)
  test_api 0.7.9 (0.7.10 available)
  url_launcher_android 6.3.24 (6.3.28 available)
  url_launcher_ios 6.3.5 (6.4.1 available)
  url_launcher_linux 3.2.1 (3.2.2 available)
  url_launcher_macos 3.2.4 (3.2.5 available)
  url_launcher_web 2.4.1 (2.4.2 available)
  url_launcher_windows 3.1.4 (3.1.5 available)
  uuid 4.5.2 (4.5.3 available)
  watcher 1.1.4 (1.2.1 available)
  webview_flutter 4.13.0 (4.13.1 available)
  webview_flutter_android 4.10.5 (4.10.13 available)
  webview_flutter_wkwebview 3.23.2 (3.23.8 available)
  win32 5.15.0 (6.0.0 available)
Got dependencies!
1 package is discontinued.
58 packages have newer versions incompatible with dependency constraints.
Try `flutter pub outdated` for more information.
00:00 +0: loading C:/Users/mail/work/girlschan_app/test/golden/settings_golden_test.dart
00:00 +0 -1: loading C:/Users/mail/work/girlschan_app/test/golden/settings_golden_test.dart [E]
  Failed to load "C:/Users/mail/work/girlschan_app/test/golden/settings_golden_test.dart": Does not exist.
00:00 +0 -1: Some tests failed.
